COBOL -> Java migration UI
  UI        : http://127.0.0.1:8787
  workspace : C:\Users\bandi\Desktop\SystemaOps\Cobol-to-java-test\workspace
  (ctrl-c to stop)

== restarting from stage 0 (ingest) ==

== [1/13] ingest ==
  5 COBOL sources + 4 copybooks fingerprinted
ingest done: repo ok: 5 COBOL programs, 4 copybooks fingerprinted

== [2/13] discover ==
    - src/CCLEGACYX.cob (CCLEGACYX)
    - src/CCLOAD01.cob (CCLOAD01)
    - src/CCMAIN01.cob (CCMAIN01)
    - src/CCPROC01.cob (CCPROC01)
    - src/CCREPT01.cob (CCREPT01)
    copybook dirs: ['copybooks'] | format: free | entry: CCMAIN01
    call-graph roots: ['CCLEGACYX', 'CCMAIN01']
discover done: 5 programs discovered

== [3/13] analyze ==
    Architecture: 5 programs, entry point: CCMAIN01
    Call Graph Roots: ['CCLEGACYX', 'CCMAIN01']
    Physical-to-Logical File Mappings:
      - src/CCLOAD01.cob: [{'logical_name': 'POLICY-MASTER', 'assign_path': 'data/work/policy.dat', 'organization': 'INDEXED', 'access_mode': 'DYNAMIC'}, {'logical_name': 'CUSTOMER-MASTER', 'assign_path': 'data/work/customer.dat', 'organization': 'INDEXED', 'access_mode': 'DYNAMIC'}]
      - src/CCPROC01.cob: [{'logical_name': 'CLAIM-IN', 'assign_path': 'data/in/claims.dat', 'organization': 'LINE', 'access_mode': 'DYNAMIC'}, {'logical_name': 'POLICY-MASTER', 'assign_path': 'data/work/policy.dat', 'organization': 'INDEXED', 'access_mode': 'DYNAMIC'}, {'logical_name': 'AUDIT-OUT', 'assign_path': 'data/out/claim-audit.dat', 'organization': 'LINE', 'access_mode': 'SEQUENTIAL'}, {'logical_name': 'EXCEPTION-OUT', 'assign_path': 'data/out/claim-exceptions.dat', 'organization': 'LINE', 'access_mode': 'SEQUENTIAL'}]
      - src/CCREPT01.cob: [{'logical_name': 'AUDIT-IN', 'assign_path': 'data/out/claim-audit.dat', 'organization': 'LINE', 'access_mode': 'SEQUENTIAL'}, {'logical_name': 'EXCEPTION-IN', 'assign_path': 'data/out/claim-exceptions.dat', 'organization': 'LINE', 'access_mode': 'SEQUENTIAL'}, {'logical_name': 'REPORT-OUT', 'assign_path': 'data/out/eod-claims-report.txt', 'organization': 'LINE', 'access_mode': 'SEQUENTIAL'}]
analyze done: call graph and 5 programs analyzed successfully

== [4/13] baseline ==
  interactivity: NON_INTERACTIVE
    - data/out/claim-audit.dat (884 bytes)
    - data/out/claim-exceptions.dat (663 bytes)
    - data/out/eod-claims-report.txt (344 bytes)
    - data/work/customer.dat (8192 bytes)
    - data/work/policy.dat (8192 bytes)
baseline done: baseline produced 5 output files

== [5/13] transpile ==
  cobj invocation: docker run --rm -v <repo>:/repo opensourcecobol/opensourcecobol4j:2.0.0 bash -c "cd /repo && cobj -free -I copybooks -o generated -j generated src/CCLEGACYX.cob src/CCLOAD01.cob src/CCMAIN01.cob src/CCPROC01.cob src/CCREPT01.cob"
    [OK ] src/CCLEGACYX.cob
    [OK ] src/CCLOAD01.cob
    [OK ] src/CCMAIN01.cob
    [OK ] src/CCPROC01.cob
    [OK ] src/CCREPT01.cob
transpile done: 5 programs transpiled

== [6/13] collect ==
  Recompiling post-processed Java source files...
  Java recompilation successful.
    collected 5 java sources (3234 LOC) + 42 class files
collect done: 5 java sources, 3234 LOC

== [7/13] generate ==
    libcobj.jar 19285213 bytes sha256=e087bd9e65c28972...
generate done: target project assembled

== [8/13] execute ==
    - data/out/claim-audit.dat (884 bytes)
    - data/out/claim-exceptions.dat (663 bytes)
    - data/out/eod-claims-report.txt (344 bytes)
    - data/work/customer.dat (36864 bytes)
    - data/work/policy.dat (36864 bytes)
execute done: java run produced 5 output files

== [9/13] compare ==
    [topology] MULTI_FILE_OUTPUT
    [       exact] data/out/claim-audit.dat
    [       exact] data/out/claim-exceptions.dat
    [       exact] data/out/eod-claims-report.txt
    [      differ] data/work/customer.dat
    [      differ] data/work/policy.dat
    [PASS] check data/out/claim-audit.dat (comp3) -> ['95000.00', '35000.00', '295000.00', '300000.00']
    [PASS] check data/out/eod-claims-report.txt (regex) -> 0000004
    [PASS] check data/out/eod-claims-report.txt (regex) -> 0000003
    [PASS] check data/out/eod-claims-report.txt (regex) -> 0000002
    [PASS] neg equiv: all 6 mutations detected
compare done: ComparisonResult status: PASS

== [10/13] refactor ==
    parsed copybook CC-CLAIM.cpy -> model Claim (10 fields)
    parsed copybook CC-CUSTOMER.cpy -> model Customer (7 fields)
    parsed copybook CC-POLICY.cpy -> model Policy (10 fields)
    parsed inline record CLAIM-LINE -> model ClaimLine (1 fields)
    parsed inline record AUDIT-LINE -> model AuditLine (1 fields)
    parsed inline record EXCEPTION-LINE -> model ExceptionLine (1 fields)
    parsed inline record REPORT-LINE -> model ReportLine (1 fields)
SELECT FILES: {}
FILE ASSIGNS: []
SELECT FILES: {'POLICY-MASTER': {'assign_name': 'data/work/policy.dat', 'organization': 'INDEXED'}, 'CUSTOMER-MASTER': {'assign_name': 'data/work/customer.dat', 'organization': 'INDEXED'}}
FILE ASSIGNS: [{'logical_name': 'POLICY-MASTER', 'assign_path': 'data/work/policy.dat', 'organization': 'INDEXED', 'access_mode': 'DYNAMIC'}, {'logical_name': 'CUSTOMER-MASTER', 'assign_path': 'data/work/customer.dat', 'organization': 'INDEXED', 'access_mode': 'DYNAMIC'}]
SELECT FILES: {}
FILE ASSIGNS: []
SELECT FILES: {'CLAIM-IN': {'assign_name': 'data/in/claims.dat', 'organization': 'LINE SEQUENTIAL'}, 'POLICY-MASTER': {'assign_name': 'data/work/policy.dat', 'organization': 'INDEXED'}, 'AUDIT-OUT': {'assign_name': 'data/out/claim-audit.dat', 'organization': 'LINE SEQUENTIAL'}, 'EXCEPTION-OUT': {'assign_name': 'data/out/claim-exceptions.dat', 'organization': 'LINE SEQUENTIAL'}}
FILE ASSIGNS: [{'logical_name': 'CLAIM-IN', 'assign_path': 'data/in/claims.dat', 'organization': 'LINE', 'access_mode': 'DYNAMIC'}, {'logical_name': 'POLICY-MASTER', 'assign_path': 'data/work/policy.dat', 'organization': 'INDEXED', 'access_mode': 'DYNAMIC'}, {'logical_name': 'AUDIT-OUT', 'assign_path': 'data/out/claim-audit.dat', 'organization': 'LINE', 'access_mode': 'SEQUENTIAL'}, {'logical_name': 'EXCEPTION-OUT', 'assign_path': 'data/out/claim-exceptions.dat', 'organization': 'LINE', 'access_mode': 'SEQUENTIAL'}]
SELECT FILES: {'AUDIT-IN': {'assign_name': 'data/out/claim-audit.dat', 'organization': 'LINE SEQUENTIAL'}, 'EXCEPTION-IN': {'assign_name': 'data/out/claim-exceptions.dat', 'organization': 'LINE SEQUENTIAL'}, 'REPORT-OUT': {'assign_name': 'data/out/eod-claims-report.txt', 'organization': 'LINE SEQUENTIAL'}}
FILE ASSIGNS: [{'logical_name': 'AUDIT-IN', 'assign_path': 'data/out/claim-audit.dat', 'organization': 'LINE', 'access_mode': 'SEQUENTIAL'}, {'logical_name': 'EXCEPTION-IN', 'assign_path': 'data/out/claim-exceptions.dat', 'organization': 'LINE', 'access_mode': 'SEQUENTIAL'}, {'logical_name': 'REPORT-OUT', 'assign_path': 'data/out/eod-claims-report.txt', 'organization': 'LINE', 'access_mode': 'SEQUENTIAL'}]
    generated native Java class: Cclegacyx
    generated native Java class: Ccload01
    generated native Java class: Ccmain01
    generated native Java class: Ccproc01
    generated native Java class: Ccrept01
    running Maven compile check...
    [PASS] Spring Boot Maven project compiled successfully
    [PASS] dep audit: 0 forbidden references in 21 scanned files
refactor done: Generated and compiled successfully

== [11/13] validate ==
    [GATE 2] validation port selected: 8082
    Building modernized Spring Boot package for Gate 2 validation...
    [GATE 2] batch input: C:/Users/bandi/Desktop/SystemaOps/Cobol-to-java-test/workspace/claimscore-fixtures-7/repo/data/in/claims.dat
    [GATE 2] batch output: data/out/claim-audit.dat
    Launching Spring Boot app locally on port 8082 for Gate 2 verification...
    [PASS] Gate 2 PASS — output matched baseline
validate done: Gate 2 PASS — output matched baseline

== [12/13] report ==
    migration report: C:\Users\bandi\Desktop\SystemaOps\Cobol-to-java-test\workspace\claimscore-fixtures-7\target\migration-report.md
    verdict: VERIFIED_WITH_LIMITATIONS
    business-rule traceability: C:\Users\bandi\Desktop\SystemaOps\Cobol-to-java-test\workspace\claimscore-fixtures-7\target\business-rule-traceability.md
    final acceptance report: C:\Users\bandi\Desktop\SystemaOps\Cobol-to-java-test\workspace\claimscore-fixtures-7\target\COBOL_TO_NATIVE_JAVA_FINAL_ACCEPTANCE.md
    transpilation provenance: C:\Users\bandi\Desktop\SystemaOps\Cobol-to-java-test\workspace\claimscore-fixtures-7\target\transpilation-provenance.json
    pipeline manifest: C:\Users\bandi\Desktop\SystemaOps\Cobol-to-java-test\workspace\claimscore-fixtures-7\target\pipeline_execution_manifest.json
report done: verdict VERIFIED_WITH_LIMITATIONS

== [13/13] package ==
    Package created: C:\Users\bandi\Desktop\SystemaOps\Cobol-to-java-test\workspace\claimscore-fixtures-7\target\modernized-package.zip (154206 bytes)
package done: modernized application packaged successfully

== restarting from stage 0 (ingest) ==

== [1/13] ingest ==
  1 COBOL sources + 1 copybooks fingerprinted
ingest done: repo ok: 1 COBOL programs, 1 copybooks fingerprinted

== [2/13] discover ==
    - src/PAYROLL01.cob (PAYROLL01)
    copybook dirs: ['copybooks'] | format: free | entry: PAYROLL01
    call-graph roots: ['PAYROLL01']
discover done: 1 programs discovered

== [3/13] analyze ==
    Architecture: 1 programs, entry point: PAYROLL01
    Call Graph Roots: ['PAYROLL01']
    Physical-to-Logical File Mappings:
      - src/PAYROLL01.cob: [{'logical_name': 'EMP-IN', 'assign_path': 'data/in/employees.dat', 'organization': 'LINE', 'access_mode': 'SEQUENTIAL'}, {'logical_name': 'PAY-OUT', 'assign_path': 'data/out/payslips.dat', 'organization': 'LINE', 'access_mode': 'SEQUENTIAL'}]
analyze done: call graph and 1 programs analyzed successfully

== [4/13] baseline ==
  interactivity: NON_INTERACTIVE
    - data/out/payslips.dat (87 bytes)
baseline done: baseline produced 1 output files

== [5/13] transpile ==
  cobj invocation: docker run --rm -v <repo>:/repo opensourcecobol/opensourcecobol4j:2.0.0 bash -c "cd /repo && cobj -free -I copybooks -o generated -j generated src/PAYROLL01.cob"
    [OK ] src/PAYROLL01.cob
transpile done: 1 programs transpiled

== [6/13] collect ==
  Recompiling post-processed Java source files...
  Java recompilation successful.
    collected 1 java sources (528 LOC) + 7 class files
collect done: 1 java sources, 528 LOC

== [7/13] generate ==
    libcobj.jar 19285213 bytes sha256=e087bd9e65c28972...
generate done: target project assembled

== [8/13] execute ==
    - data/out/payslips.dat (87 bytes)
execute done: java run produced 1 output files

== [9/13] compare ==
    [topology] FILE_OUTPUT
    [       exact] data/out/payslips.dat
    [PASS] neg equiv: all 6 mutations detected
compare done: ComparisonResult status: PASS

== [10/13] refactor ==
    parsed copybook EMPLREC.cpy -> model Emplrec (3 fields)
    parsed inline record PAY-REC -> model PayRec (4 fields)
SELECT FILES: {'EMP-IN': {'assign_name': 'data/in/employees.dat', 'organization': 'LINE SEQUENTIAL'}, 'PAY-OUT': {'assign_name': 'data/out/payslips.dat', 'organization': 'LINE SEQUENTIAL'}}
FILE ASSIGNS: [{'logical_name': 'EMP-IN', 'assign_path': 'data/in/employees.dat', 'organization': 'LINE', 'access_mode': 'SEQUENTIAL'}, {'logical_name': 'PAY-OUT', 'assign_path': 'data/out/payslips.dat', 'organization': 'LINE', 'access_mode': 'SEQUENTIAL'}]
    generated native Java class: Payroll01
    running Maven compile check...
    [PASS] Spring Boot Maven project compiled successfully
    [PASS] dep audit: 0 forbidden references in 12 scanned files
refactor done: Generated and compiled successfully

== [11/13] validate ==
    [GATE 2] validation port selected: 8082
    Building modernized Spring Boot package for Gate 2 validation...
    [GATE 2] batch input: C:/Users/bandi/Desktop/SystemaOps/Cobol-to-java-test/workspace/payroll01-unseen-7/repo/data/in/employees.dat
    [GATE 2] batch output: data/out/payslips.dat
    Launching Spring Boot app locally on port 8082 for Gate 2 verification...
    [PASS] Gate 2 PASS — output matched baseline
validate done: Gate 2 PASS — output matched baseline

== [12/13] report ==
    migration report: C:\Users\bandi\Desktop\SystemaOps\Cobol-to-java-test\workspace\payroll01-unseen-7\target\migration-report.md
    verdict: PRODUCTION_READY
    business-rule traceability: C:\Users\bandi\Desktop\SystemaOps\Cobol-to-java-test\workspace\payroll01-unseen-7\target\business-rule-traceability.md
    final acceptance report: C:\Users\bandi\Desktop\SystemaOps\Cobol-to-java-test\workspace\payroll01-unseen-7\target\COBOL_TO_NATIVE_JAVA_FINAL_ACCEPTANCE.md
    transpilation provenance: C:\Users\bandi\Desktop\SystemaOps\Cobol-to-java-test\workspace\payroll01-unseen-7\target\transpilation-provenance.json
    pipeline manifest: C:\Users\bandi\Desktop\SystemaOps\Cobol-to-java-test\workspace\payroll01-unseen-7\target\pipeline_execution_manifest.json
report done: verdict PRODUCTION_READY

== [13/13] package ==
    Package created: C:\Users\bandi\Desktop\SystemaOps\Cobol-to-java-test\workspace\payroll01-unseen-7\target\modernized-package.zip (40894 bytes)
package done: modernized application packaged successfully

== restarting from stage 0 (ingest) ==

== [1/13] ingest ==
  1 COBOL sources + 0 copybooks fingerprinted
ingest done: repo ok: 1 COBOL programs, 0 copybooks fingerprinted

== [2/13] discover ==
    - BROKEN01.cob (BROKEN01)
    copybook dirs: [] | format: free | entry: BROKEN01
    call-graph roots: ['BROKEN01']
discover done: 1 programs discovered

== [3/13] analyze ==
    Architecture: 1 programs, entry point: BROKEN01
    Call Graph Roots: ['BROKEN01']
    Physical-to-Logical File Mappings:
analyze done: call graph and 1 programs analyzed successfully

== [4/13] baseline ==
BROKEN01.cob: in paragraph 'MAIN-PARA':
BROKEN01.cob:5: error: unknown statement 'THIS'

  [WARN] GnuCOBOL build had errors — baseline will be empty. Transpile + Gate 1 compare will still run.
baseline done: baseline partial (build errors); 0 output files captured

== [5/13] transpile ==
  cobj invocation: docker run --rm -v <repo>:/repo opensourcecobol/opensourcecobol4j:2.0.0 bash -c "cd /repo && cobj -free  -o generated -j generated BROKEN01.cob"
